******************************************************************************
                  MSP430 Linker PC v4.0.0                      
******************************************************************************
>> Linked Mon Apr 09 18:16:15 2012

OUTPUT FILE NAME:   <Sine_externalDAC_MSP430F2252.out>
ENTRY POINT SYMBOL: "_c_int00"  address: 0000c05c


MEMORY CONFIGURATION

         name            origin    length      used     unused   attr    fill
----------------------  --------  ---------  --------  --------  ----  --------
  SFR                   00000000   00000010  00000000  00000010  RWIX
  PERIPHERALS_8BIT      00000010   000000f0  00000000  000000f0  RWIX
  PERIPHERALS_16BIT     00000100   00000100  00000000  00000100  RWIX
  RAM                   00000200   00000200  00000048  000001b8  RWIX
  INFOD                 00001000   00000040  00000000  00000040  RWIX
  INFOC                 00001040   00000040  00000000  00000040  RWIX
  INFOB                 00001080   00000040  00000000  00000040  RWIX
  INFOA                 000010c0   00000040  00000000  00000040  RWIX
  FLASH                 0000c000   00003fde  000001d4  00003e0a  RWIX
  INT00                 0000ffe0   00000002  00000000  00000002  RWIX
  INT01                 0000ffe2   00000002  00000000  00000002  RWIX
  INT02                 0000ffe4   00000002  00000000  00000002  RWIX
  INT03                 0000ffe6   00000002  00000000  00000002  RWIX
  INT04                 0000ffe8   00000002  00000000  00000002  RWIX
  INT05                 0000ffea   00000002  00000000  00000002  RWIX
  INT06                 0000ffec   00000002  00000000  00000002  RWIX
  INT07                 0000ffee   00000002  00000000  00000002  RWIX
  INT08                 0000fff0   00000002  00000000  00000002  RWIX
  INT09                 0000fff2   00000002  00000000  00000002  RWIX
  INT10                 0000fff4   00000002  00000000  00000002  RWIX
  INT11                 0000fff6   00000002  00000000  00000002  RWIX
  INT12                 0000fff8   00000002  00000000  00000002  RWIX
  INT13                 0000fffa   00000002  00000000  00000002  RWIX
  INT14                 0000fffc   00000002  00000000  00000002  RWIX
  RESET                 0000fffe   00000002  00000002  00000000  RWIX


SECTION ALLOCATION MAP

 output                                  attributes/
section   page    origin      length       input sections
--------  ----  ----------  ----------   ----------------
xdc.meta   0    00000000    000000ef     COPY SECTION
                  00000000    000000ef     main_p430.o430 (xdc.meta)

.cinit     0    0000c000    00000000     UNINITIALIZED

.pinit     0    0000c000    00000000     UNINITIALIZED

.bss       0    00000200    00000008     UNINITIALIZED
                  00000200    00000004     rts430.lib : _lock.obj (.bss)
                  00000204    00000004     ti.targets.msp430.rts430.a430 : boot.o430 (.bss)

.stack     0    000003c0    00000040     UNINITIALIZED
                  000003c0    00000002     ti.targets.msp430.rts430.a430 : boot.o430 (.stack)
                  000003c2    0000003e     --HOLE--

.text      0    0000c000    00000154     
                  0000c000    0000005c     main.obj (.text:main)
                  0000c05c    0000002a     ti.targets.msp430.rts430.a430 : boot.o430 (.text:_c_int00_noinit_noexit)
                  0000c086    0000002a                                   : pre_init.o430 (.text:_system_pre_init)
                  0000c0b0    00000028     csl.lib : BCSplus_init.obj (.text:BCSplus_init)
                  0000c0d8    00000028             : GPIO_init.obj (.text:GPIO_init)
                  0000c100    00000018             : CSL_init.obj (.text:CSL_init)
                  0000c118    00000012     rts430.lib : memcpy.obj (.text:memcpy)
                  0000c12a    0000000a     main_p430.o430 (.text:.bootCodeSection:ti_catalog_msp430_init_Boot_init)
                  0000c134    00000008     ti.catalog.msp430.init.a430 : Boot.o430 (.text:.bootCodeSection:ti_catalog_msp430_init_Boot_disableWatchdog)
                  0000c13c    00000008     csl.lib : WDTplus_init.obj (.text:WDTplus_init)
                  0000c144    00000006     main_p430.o430 (.text:xdc_runtime_Startup_reset__I)
                  0000c14a    00000004     csl.lib : System_init.obj (.text:System_init)
                  0000c14e    00000004     rts430.lib : exit.obj (.text:abort)
                  0000c152    00000002                : _lock.obj (.text:_nop)

.const     0    0000c154    00000080     
                  0000c154    00000040     main.obj (.const:$P$T0$1)
                  0000c194    00000040     main.obj (.const:$P$T1$2)

.reset     0    0000fffe    00000002     
                  0000fffe    00000002     ti.targets.msp430.rts430.a430 : boot.o430 (.reset)


GLOBAL SYMBOLS: SORTED ALPHABETICALLY BY Name 

address    name
--------   ----
00000200   .bss
0000c000   .text
0000004a   ADC10AE0
0000004b   ADC10AE1
000001b0   ADC10CTL0
000001b2   ADC10CTL1
00000048   ADC10DTC0
00000049   ADC10DTC1
000001b4   ADC10MEM
000001bc   ADC10SA
00000057   BCSCTL1
00000058   BCSCTL2
00000053   BCSCTL3
0000c0b0   BCSplus_init
0000c14e   C$$EXIT
000010fb   CALBC1_12MHZ
000010f9   CALBC1_16MHZ
000010ff   CALBC1_1MHZ
000010fd   CALBC1_8MHZ
000010fa   CALDCO_12MHZ
000010f8   CALDCO_16MHZ
000010fe   CALDCO_1MHZ
000010fc   CALDCO_8MHZ
0000c100   CSL_init
00000056   DCOCTL
00000128   FCTL1
0000012a   FCTL2
0000012c   FCTL3
0000c0d8   GPIO_init
00000000   IE1
00000001   IE2
00000002   IFG1
00000003   IFG2
00000022   P1DIR
00000025   P1IE
00000024   P1IES
00000023   P1IFG
00000020   P1IN
00000021   P1OUT
00000027   P1REN
00000026   P1SEL
0000002a   P2DIR
0000002d   P2IE
0000002c   P2IES
0000002b   P2IFG
00000028   P2IN
00000029   P2OUT
0000002f   P2REN
0000002e   P2SEL
0000001a   P3DIR
00000018   P3IN
00000019   P3OUT
00000010   P3REN
0000001b   P3SEL
0000001e   P4DIR
0000001c   P4IN
0000001d   P4OUT
00000011   P4REN
0000001f   P4SEL
0000c14a   System_init
00000172   TACCR0
00000174   TACCR1
00000176   TACCR2
00000162   TACCTL0
00000164   TACCTL1
00000166   TACCTL2
00000160   TACTL
0000012e   TAIV
00000170   TAR
00000192   TBCCR0
00000194   TBCCR1
00000196   TBCCR2
00000182   TBCCTL0
00000184   TBCCTL1
00000186   TBCCTL2
00000180   TBCTL
0000011e   TBIV
00000190   TBR
0000005d   UCA0ABCTL
00000062   UCA0BR0
00000063   UCA0BR1
00000060   UCA0CTL0
00000061   UCA0CTL1
0000005f   UCA0IRRCTL
0000005e   UCA0IRTCTL
00000064   UCA0MCTL
00000066   UCA0RXBUF
00000065   UCA0STAT
00000067   UCA0TXBUF
0000006a   UCB0BR0
0000006b   UCB0BR1
00000068   UCB0CTL0
00000069   UCB0CTL1
0000006c   UCB0I2CIE
00000118   UCB0I2COA
0000011a   UCB0I2CSA
0000006e   UCB0RXBUF
0000006d   UCB0STAT
0000006f   UCB0TXBUF
00000120   WDTCTL
0000c13c   WDTplus_init
00000000   __ASM__
0000006a   __ISA__
0000007c   __PLAT__
00000400   __STACK_END
00000040   __STACK_SIZE
000000a0   __TARG__
00000001   __TI_args_main
00000001   __TI_auto_init
00000001   __TI_exit
000000c8   __TRDR__
ffffffff   __binit__
00000200   __bss__
ffffffff   __c_args__
ffffffff   __cinit__
00000208   __end__
0000c154   __etext__
ffffffff   __pinit__
0000c000   __text__
0000c05c   _c_int00
0000c05c   _c_int00_noinit_noexit
00000204   _cleanup_ptr
00000206   _dtors_ptr
00000200   _lock
0000c152   _nop
0000fffe   _reset_vector
000003c0   _stack
0000c086   _system_pre_init
00000202   _unlock
0000c14e   abort
ffffffff   binit
ffffffff   cinit
00000208   end
0000c154   etext
0000c000   main
0000c118   memcpy
ffffffff   pinit
0000c134   ti_catalog_msp430_init_Boot_disableWatchdog
0000c12a   ti_catalog_msp430_init_Boot_init
00000000   xdc_runtime_Startup__EXECFXN__C
00000001   xdc_runtime_Startup__RESETFXN__C
00000000   xdc_runtime_Startup_exec__E
0000c144   xdc_runtime_Startup_reset__I


GLOBAL SYMBOLS: SORTED BY Symbol Address 

address    name
--------   ----
00000000   IE1
00000000   __ASM__
00000000   xdc_runtime_Startup__EXECFXN__C
00000000   xdc_runtime_Startup_exec__E
00000001   IE2
00000001   __TI_args_main
00000001   __TI_auto_init
00000001   __TI_exit
00000001   xdc_runtime_Startup__RESETFXN__C
00000002   IFG1
00000003   IFG2
00000010   P3REN
00000011   P4REN
00000018   P3IN
00000019   P3OUT
0000001a   P3DIR
0000001b   P3SEL
0000001c   P4IN
0000001d   P4OUT
0000001e   P4DIR
0000001f   P4SEL
00000020   P1IN
00000021   P1OUT
00000022   P1DIR
00000023   P1IFG
00000024   P1IES
00000025   P1IE
00000026   P1SEL
00000027   P1REN
00000028   P2IN
00000029   P2OUT
0000002a   P2DIR
0000002b   P2IFG
0000002c   P2IES
0000002d   P2IE
0000002e   P2SEL
0000002f   P2REN
00000040   __STACK_SIZE
00000048   ADC10DTC0
00000049   ADC10DTC1
0000004a   ADC10AE0
0000004b   ADC10AE1
00000053   BCSCTL3
00000056   DCOCTL
00000057   BCSCTL1
00000058   BCSCTL2
0000005d   UCA0ABCTL
0000005e   UCA0IRTCTL
0000005f   UCA0IRRCTL
00000060   UCA0CTL0
00000061   UCA0CTL1
00000062   UCA0BR0
00000063   UCA0BR1
00000064   UCA0MCTL
00000065   UCA0STAT
00000066   UCA0RXBUF
00000067   UCA0TXBUF
00000068   UCB0CTL0
00000069   UCB0CTL1
0000006a   UCB0BR0
0000006a   __ISA__
0000006b   UCB0BR1
0000006c   UCB0I2CIE
0000006d   UCB0STAT
0000006e   UCB0RXBUF
0000006f   UCB0TXBUF
0000007c   __PLAT__
000000a0   __TARG__
000000c8   __TRDR__
00000118   UCB0I2COA
0000011a   UCB0I2CSA
0000011e   TBIV
00000120   WDTCTL
00000128   FCTL1
0000012a   FCTL2
0000012c   FCTL3
0000012e   TAIV
00000160   TACTL
00000162   TACCTL0
00000164   TACCTL1
00000166   TACCTL2
00000170   TAR
00000172   TACCR0
00000174   TACCR1
00000176   TACCR2
00000180   TBCTL
00000182   TBCCTL0
00000184   TBCCTL1
00000186   TBCCTL2
00000190   TBR
00000192   TBCCR0
00000194   TBCCR1
00000196   TBCCR2
000001b0   ADC10CTL0
000001b2   ADC10CTL1
000001b4   ADC10MEM
000001bc   ADC10SA
00000200   .bss
00000200   __bss__
00000200   _lock
00000202   _unlock
00000204   _cleanup_ptr
00000206   _dtors_ptr
00000208   __end__
00000208   end
000003c0   _stack
00000400   __STACK_END
000010f8   CALDCO_16MHZ
000010f9   CALBC1_16MHZ
000010fa   CALDCO_12MHZ
000010fb   CALBC1_12MHZ
000010fc   CALDCO_8MHZ
000010fd   CALBC1_8MHZ
000010fe   CALDCO_1MHZ
000010ff   CALBC1_1MHZ
0000c000   .text
0000c000   __text__
0000c000   main
0000c05c   _c_int00
0000c05c   _c_int00_noinit_noexit
0000c086   _system_pre_init
0000c0b0   BCSplus_init
0000c0d8   GPIO_init
0000c100   CSL_init
0000c118   memcpy
0000c12a   ti_catalog_msp430_init_Boot_init
0000c134   ti_catalog_msp430_init_Boot_disableWatchdog
0000c13c   WDTplus_init
0000c144   xdc_runtime_Startup_reset__I
0000c14a   System_init
0000c14e   C$$EXIT
0000c14e   abort
0000c152   _nop
0000c154   __etext__
0000c154   etext
0000fffe   _reset_vector
ffffffff   __binit__
ffffffff   __c_args__
ffffffff   __cinit__
ffffffff   __pinit__
ffffffff   binit
ffffffff   cinit
ffffffff   pinit

[143 symbols]
